// Jest Snapshot v1, https://goo.gl/fbAQLP

exports[`tests on GifGrid should match with the snapshot 1`] = `
<div>
  <h3>
    Dragon Ball Z
  </h3>
  <h2>
    Loading...
  </h2>
   
  <div
    class="card-grid"
  >
     
  </div>
</div>
`;
